{
  "largura_fenda_mm": 75.0,
  "espessura_fenda_mm": 1.5,
  "area_fenda_mm2": 112.0171,
  "boca_entrada_mm": 75.6,
  "largura_saida_mm": 76.6,
  "espessura_saida_mm": 3.1,
  "parede_labio_mm": 1.45,
  "land_util_mm": 9.2,
  "chanfro_medido_mm": 0.8,
  "z_inicio_chanfro_mm": 108.2,
  "volume_canal_mm3": 213820.019,
  "volume_body_a_mm3": 234317.856,
  "volume_body_b_mm3": 234808.926,
  "volume_aco_mm3": 469126.783,
  "massa_aco_kg": 3.6826,
  "interferencia_mm3": 0.0,
  "z_total_mm": 109.0,
  "diametro_externo_mm": 93.0,
  "raio_borda_mm": 0.75,
  "dp_total_bar": 27.573,
  "dp_modelo": {
    "dp_fora_do_land_bar": 6.77,
    "G_land_bar_mm": 2.1824,
    "G_chanfro_bar_mm": 0.9067,
    "land_util_mm": 8.5,
    "chanfro_mm": 1.5,
    "observacao": "calibrado no v27 medido; relações: land_util = land_total − chanfro; parede_labio = 2,25 − chanfro"
  },
  "dp_land_bar_mm": 2.1824,
  "volume_furos_pino_mm3": 301.593,
  "volume_canal_entregue_mm3": 214121.612,
  "solidos_no_canal_entregue": 3,
  "prefixo": "L10_C0.8",
  "land_total_mm": 10.0,
  "chanfro_mm": 0.8,
  "plano_particao_y_mm": 0.003217,
  "furos_passantes": false,
  "gerado_em": "2026-09-12T18:55:03+0000",
  "arquivos": [
    "01_CAD_MatrizJonatha_Oficial/PRP-0001-r2_land10_chanfro080/MatrizJonatha_L10_C0.8.step",
    "01_CAD_MatrizJonatha_Oficial/PRP-0001-r2_land10_chanfro080/MatrizJonatha_L10_C0.8_Explodida.step",
    "01_CAD_MatrizJonatha_Oficial/PRP-0001-r2_land10_chanfro080/MatrizJonatha_L10_C0.8_Com_Fluxo.step",
    "01_CAD_MatrizJonatha_Oficial/PRP-0001-r2_land10_chanfro080/MatrizJonatha_L10_C0.8_Body_A.step",
    "01_CAD_MatrizJonatha_Oficial/PRP-0001-r2_land10_chanfro080/MatrizJonatha_L10_C0.8_Body_B.step",
    "01_CAD_MatrizJonatha_Oficial/PRP-0001-r2_land10_chanfro080/MatrizJonatha_L10_C0.8_Canal_Fluxo.step"
  ]
}